entry:
  in:  ∅
  out: gt(a, b)
then:
  in:  gt(a, b)
  out: add(a, b), gt(a, b)
else:
  in:  gt(a, b)
  out: ∅
join:
  in:  ∅
  out: add(a, b)
